test extraEnvs:
  1: |
    apiVersion: apps/v1
    kind: Deployment
    metadata:
      name: RELEASE-NAME-test-chart
    spec:
      revisionHistoryLimit: 3
      selector:
        matchLabels:
          service: RELEASE-NAME-test-chart
      template:
        spec:
          containers:
            - env:
                - name: LOG_LEVEL
                  value: info
                - name: MY_ENV
                  value: my-value
              image: test-chart:0.1.0
              imagePullPolicy: IfNotPresent
              livenessProbe:
                failureThreshold: 1
                httpGet:
                  path: /healthz
                  port: 8081
                periodSeconds: 10
              name: manager
              ports:
                - containerPort: 8080
                  name: metrics
                  protocol: TCP
                - containerPort: 8081
                  name: health-port
                  protocol: TCP
              readinessProbe:
                httpGet:
                  path: /readyz
                  port: 8081
                initialDelaySeconds: 5
                periodSeconds: 10
              resources:
                limits:
                  cpu: 100m
                  memory: 512Mi
                requests:
                  cpu: 40m
                  memory: 50Mi
              startupProbe:
                failureThreshold: 30
                httpGet:
                  path: /readyz
                  port: 8081
                periodSeconds: 10
          securityContext:
            readOnlyRootFilesystem: true
            runAsNonRoot: true
            seccompProfile:
              type: RuntimeDefault
          terminationGracePeriodSeconds: 10
          volumes:
            - emptyDir: {}
              name: my-volume
test name override:
  1: |
    apiVersion: apps/v1
    kind: Deployment
    metadata:
      name: RELEASE-NAME-test-chart
    spec:
      revisionHistoryLimit: 3
      selector:
        matchLabels:
          service: RELEASE-NAME-test-chart
      template:
        spec:
          containers:
            - env:
                - name: LOG_LEVEL
                  value: info
              image: my-image:0.1.0
              imagePullPolicy: IfNotPresent
              livenessProbe:
                failureThreshold: 1
                httpGet:
                  path: /healthz
                  port: 8081
                periodSeconds: 10
              name: manager
              ports:
                - containerPort: 8080
                  name: metrics
                  protocol: TCP
                - containerPort: 8081
                  name: health-port
                  protocol: TCP
              readinessProbe:
                httpGet:
                  path: /readyz
                  port: 8081
                initialDelaySeconds: 5
                periodSeconds: 10
              resources:
                limits:
                  cpu: 100m
                  memory: 512Mi
                requests:
                  cpu: 40m
                  memory: 50Mi
              startupProbe:
                failureThreshold: 30
                httpGet:
                  path: /readyz
                  port: 8081
                periodSeconds: 10
          securityContext:
            readOnlyRootFilesystem: true
            runAsNonRoot: true
            seccompProfile:
              type: RuntimeDefault
          terminationGracePeriodSeconds: 10
          volumes: null
test sentry enabled:
  1: |
    apiVersion: apps/v1
    kind: Deployment
    metadata:
      name: RELEASE-NAME-test-chart
    spec:
      revisionHistoryLimit: 3
      selector:
        matchLabels:
          service: RELEASE-NAME-test-chart
      template:
        spec:
          containers:
            - env:
                - name: LOG_LEVEL
                  value: info
                - name: REGION
                  value: null
                - name: ENVIRONMENT
                  value: test
                - name: SENTRY_ENVIRONMENT
                  value: test
                - name: IMAGE_TAG
                  value: 0.1.0
                - name: IMAGE_NAME
                  value: my-image
              image: my-image:0.1.0
              imagePullPolicy: IfNotPresent
              livenessProbe:
                failureThreshold: 1
                httpGet:
                  path: /healthz
                  port: 8081
                periodSeconds: 10
              name: manager
              ports:
                - containerPort: 8080
                  name: metrics
                  protocol: TCP
                - containerPort: 8081
                  name: health-port
                  protocol: TCP
              readinessProbe:
                httpGet:
                  path: /readyz
                  port: 8081
                initialDelaySeconds: 5
                periodSeconds: 10
              resources:
                limits:
                  cpu: 100m
                  memory: 512Mi
                requests:
                  cpu: 40m
                  memory: 50Mi
              startupProbe:
                failureThreshold: 30
                httpGet:
                  path: /readyz
                  port: 8081
                periodSeconds: 10
          securityContext:
            readOnlyRootFilesystem: true
            runAsNonRoot: true
            seccompProfile:
              type: RuntimeDefault
          terminationGracePeriodSeconds: 10
          volumes: null
test tag default:
  1: |
    apiVersion: apps/v1
    kind: Deployment
    metadata:
      name: RELEASE-NAME-test-chart
    spec:
      revisionHistoryLimit: 3
      selector:
        matchLabels:
          service: RELEASE-NAME-test-chart
      template:
        spec:
          containers:
            - env:
                - name: LOG_LEVEL
                  value: info
              image: test-chart:0.1.0
              imagePullPolicy: IfNotPresent
              livenessProbe:
                failureThreshold: 1
                httpGet:
                  path: /healthz
                  port: 8081
                periodSeconds: 10
              name: manager
              ports:
                - containerPort: 8080
                  name: metrics
                  protocol: TCP
                - containerPort: 8081
                  name: health-port
                  protocol: TCP
              readinessProbe:
                httpGet:
                  path: /readyz
                  port: 8081
                initialDelaySeconds: 5
                periodSeconds: 10
              resources:
                limits:
                  cpu: 100m
                  memory: 512Mi
                requests:
                  cpu: 40m
                  memory: 50Mi
              startupProbe:
                failureThreshold: 30
                httpGet:
                  path: /readyz
                  port: 8081
                periodSeconds: 10
          securityContext:
            readOnlyRootFilesystem: true
            runAsNonRoot: true
            seccompProfile:
              type: RuntimeDefault
          terminationGracePeriodSeconds: 10
          volumes: null
test tag override:
  1: |
    apiVersion: apps/v1
    kind: Deployment
    metadata:
      name: RELEASE-NAME-test-chart
    spec:
      revisionHistoryLimit: 3
      selector:
        matchLabels:
          service: RELEASE-NAME-test-chart
      template:
        spec:
          containers:
            - env:
                - name: LOG_LEVEL
                  value: info
              image: test-chart:1.0.0
              imagePullPolicy: IfNotPresent
              livenessProbe:
                failureThreshold: 1
                httpGet:
                  path: /healthz
                  port: 8081
                periodSeconds: 10
              name: manager
              ports:
                - containerPort: 8080
                  name: metrics
                  protocol: TCP
                - containerPort: 8081
                  name: health-port
                  protocol: TCP
              readinessProbe:
                httpGet:
                  path: /readyz
                  port: 8081
                initialDelaySeconds: 5
                periodSeconds: 10
              resources:
                limits:
                  cpu: 100m
                  memory: 512Mi
                requests:
                  cpu: 40m
                  memory: 50Mi
              startupProbe:
                failureThreshold: 30
                httpGet:
                  path: /readyz
                  port: 8081
                periodSeconds: 10
          securityContext:
            readOnlyRootFilesystem: true
            runAsNonRoot: true
            seccompProfile:
              type: RuntimeDefault
          terminationGracePeriodSeconds: 10
          volumes: null
