test sentry enabled (global):
  1: |
    apiVersion: external-secrets.io/v1beta1
    kind: ExternalSecret
    metadata:
      name: RELEASE-NAME-sentry
      namespace: NAMESPACE
    spec:
      data:
        - remoteRef:
            conversionStrategy: Default
            key: null
            property: RELEASE-NAME-sentry
          secretKey: dsn
      refreshInterval: 10m
      secretStoreRef:
        kind: SecretStore
        name: environment-store
      target:
        creationPolicy: Owner
        deletionPolicy: Retain
        name: RELEASE-NAME-sentry
test sentry enabled (local):
  1: |
    apiVersion: external-secrets.io/v1beta1
    kind: ExternalSecret
    metadata:
      name: RELEASE-NAME-sentry
      namespace: NAMESPACE
    spec:
      data:
        - remoteRef:
            conversionStrategy: Default
            key: null
            property: RELEASE-NAME-sentry
          secretKey: dsn
      refreshInterval: 10m
      secretStoreRef:
        kind: SecretStore
        name: environment-store
      target:
        creationPolicy: Owner
        deletionPolicy: Retain
        name: RELEASE-NAME-sentry
