matches the snapshot:
  1: |
    apiVersion: networking.istio.io/v1alpha3
    kind: VirtualService
    metadata:
      name: RELEASE-NAME-example-content
      namespace: NAMESPACE
    spec:
      gateways:
        - NAMESPACE/gateway
      hosts:
        - your-host.com
      http:
        - match:
            - uri:
                exact: /ui/example-content
            - uri:
                prefix: /ui/example-content/
          route:
            - destination:
                host: RELEASE-NAME-example-content.NAMESPACE.svc.cluster.local
                port:
                  number: 8080
