matches the snapshot:
  1: |
    apiVersion: networking.istio.io/v1
    kind: Gateway
    metadata:
      name: gateway
      namespace: NAMESPACE
    spec:
      selector:
        istio: gateway
      servers:
        - hosts:
            - '*'
          port:
            name: http
            number: 8080
            protocol: HTTP
  2: |
    apiVersion: networking.istio.io/v1
    kind: ServiceEntry
    metadata:
      name: openmfp-https
      namespace: NAMESPACE
    spec:
      hosts:
        - example.com
      location: MESH_EXTERNAL
      ports:
        - name: https
          number: 443
          protocol: TLS
      resolution: DNS
